// Jest Snapshot v1, https://goo.gl/fbAQLP

exports[`Calcs should match snapshot 1`] = `""`;
