// Jest Snapshot v1, https://goo.gl/fbAQLP

exports[`NodesCrud should match snapshot 1`] = `
<div
  className="content nodes-content"
>
  <button
    className="button is-primary"
    onClick={[Function]}
    style={
      Object {
        "float": "right",
      }
    }
    type="button"
  >
    Adicionar
  </button>
  Â 
  <table
    className="table is-striped is-narrow is-hoverable is-fullwidth"
  >
    <thead>
      <tr>
        <td>
          id
        </td>
        <td
          colSpan="2"
        >
          label
        </td>
      </tr>
    </thead>
    <tbody />
  </table>
</div>
`;
